    2680 OUTPUT:  15 (0x0f 0b00001111)
    5800 OUTPUT: 255 (0xff 0b11111111)
    8920 OUTPUT: 240 (0xf0 0b11110000)
   12040 OUTPUT:  14 (0x0e 0b00001110)
   15280 OUTPUT: 255 (0xff 0b11111111)
   17920 OUTPUT:  10 (0x0a 0b00001010)
   22480 OUTPUT:  42 (0x2a 0b00101010)
   26080 OUTPUT:  10 (0x0a 0b00001010)
   44680 OUTPUT:  20 (0x14 0b00010100)
  181840 OUTPUT:   4 (0x04 0b00000100)
  184240 OUTPUT:  25 (0x19 0b00011001)
  188320 OUTPUT: 244 (0xf4 0b11110100)
  191080 OUTPUT:   3 (0x03 0b00000011)
  194320 OUTPUT:  85 (0x55 0b01010101)
  198160 OUTPUT: 160 (0xa0 0b10100000)
  200200 OUTPUT:  65 (0x41 0b01000001)
  202840 OUTPUT:  16 (0x10 0b00010000)
  206080 OUTPUT:  11 (0x0b 0b00001011)
  208720 OUTPUT:  15 (0x0f 0b00001111)
REGISTERS: A: 0f B: 02 C: 19 D: 0e E: f0 F: ff G: 0f H: 3f
FLAGS:     CF: 0 ZF: 0
